// Jest Snapshot v1, https://goo.gl/fbAQLP

exports[`DropDown snapshot 1`] = `<Connect(Dropdown) />`;
