// Jest Snapshot v1, https://goo.gl/fbAQLP

exports[`DropdownLink snapshot 1`] = `<Connect(DropdownLink) />`;
