// Jest Snapshot v1, https://goo.gl/fbAQLP

exports[`Company snapshot 1`] = `
<Connect(Company)
  company={
    Object {
      "id": 123,
      "value": "mock-name",
    }
  }
/>
`;
