// Jest Snapshot v1, https://goo.gl/fbAQLP

exports[`App snapshot 1`] = `<Connect(App) />`;

exports[`rendering components snapshot 1`] = `<Connect(App) />`;
