// Jest Snapshot v1, https://goo.gl/fbAQLP

exports[`rendering components snapshot 1`] = `<Connect(App) />`;
